// Jest Snapshot v1, https://goo.gl/fbAQLP

exports[`string 1`] = `
"'use strict';

var _reactIntl = require('react-intl');

(0, _reactIntl.defineMessages)({
  hello: {
    'id': 'test/string/hello',
    'defaultMessage': 'hello'
  },
  world: {
    'id': 'test/string/world',
    'defaultMessage': \`hello world \${1}\`
  }
});"
`;
