// Jest Snapshot v1, https://goo.gl/fbAQLP

exports[`prefix slash 1`] = `
"'use strict';

var _reactIntl = require('react-intl');

(0, _reactIntl.defineMessages)({
  hello: {
    'id': 'prefix-slash.hello',
    'defaultMessage': 'hello'
  },
  world: {
    'id': 'prefix-slash.world',
    'defaultMessage': 'hello world'
  }
});"
`;
